// Jest Snapshot v1, https://goo.gl/fbAQLP

exports[`<button-selector> Produces expected HTML 1`] = `
<div
  class="row buttonSelector-container"
  name="circle"
/>
`;
